// Jest Snapshot v1, https://goo.gl/fbAQLP

exports[`components List renders List detail component correctly 1`] = `
"<ListDetail item={{...}}>
  <div className=\\"container\\">
    <div className=\\"movieDetails\\">
      <h1>
        Ad Astra
      </h1>
      <img src=\\"https://image.tmdb.org/t/p/w300/xBHvZcjRiWyobQ9kxBhO6B2dtRI.jpg\\" alt=\\"Ad Astra\\" />
      <p>
         
        The near future, a time when both hope and hardships drive humanity to look to the stars and beyond. While a mysterious phenomenon menaces to destroy life on planet Earth, astronaut Roy McBride undertakes a mission across the immensity of space and its many perils to uncover the truth about a lost expedition that decades before boldly faced emptiness and silence in search of the unknown.
      </p>
    </div>
  </div>
</ListDetail>"
`;
